// Jest Snapshot v1, https://goo.gl/fbAQLP

exports[`Button renders correctly 1`] = `
<View
  style={
    Object {
      "marginBottom": 40,
    }
  }
>
  <View
    style={
      Object {
        "backgroundColor": "#FF4081",
        "paddingHorizontal": 10,
        "paddingVertical": 15,
        "width": 750,
      }
    }
  >
    <Text
      style={
        Object {
          "color": "#FFFFFF",
          "fontWeight": "800",
          "letterSpacing": 2,
          "textAlign": "center",
        }
      }
    >
      GUIDELINES
    </Text>
  </View>
  <View>
    <View
      style={Object {}}
    >
      <View
        accessible={true}
        isTVSelectable={true}
        onResponderGrant={[Function]}
        onResponderMove={[Function]}
        onResponderRelease={[Function]}
        onResponderTerminate={[Function]}
        onResponderTerminationRequest={[Function]}
        onStartShouldSetResponder={[Function]}
        style={null}
      >
        <View
          style={
            Object {
              "backgroundColor": "#FFFFFF",
              "borderBottomColor": "#BDBDBD",
              "borderBottomWidth": 0.5,
              "borderTopColor": "#BDBDBD",
              "borderTopWidth": 0.5,
              "flexDirection": "row",
              "justifyContent": "space-between",
              "paddingHorizontal": 10,
              "paddingVertical": 15,
              "width": 750,
            }
          }
        >
          <Text
            style={
              Object {
                "fontWeight": "400",
                "letterSpacing": 2,
              }
            }
          >
            Reducing the risk of alcohol-related harm over a lifetime
          </Text>
          <Text
            allowFontScaling={false}
            style={
              Array [
                Object {
                  "color": "#BDBDBD",
                  "fontSize": 20,
                },
                undefined,
                Object {
                  "fontFamily": "Ionicons",
                  "fontStyle": "normal",
                  "fontWeight": "normal",
                },
                Object {},
              ]
            }
          >
            
          </Text>
        </View>
      </View>
      <View
        pointerEvents="none"
        style={
          Object {
            "height": 0,
            "overflow": "hidden",
          }
        }
      >
        <View
          onLayout={[Function]}
          style={Object {}}
        >
          <View
            style={
              Object {
                "backgroundColor": "#FFFFFF",
                "padding": 20,
              }
            }
          >
            <Text>
              You should drink no more than 2 standard drinks on any given day. The more alcohol you drink, the greater your risk of injury or disease over the course of your life. If you drink less than 2 standard drinks per day, your risk of dying from an alcohol-related injury is less than 1 in 100. The more you drink, the greater your risk.
            </Text>
          </View>
        </View>
      </View>
    </View>
    <View
      style={Object {}}
    >
      <View
        accessible={true}
        isTVSelectable={true}
        onResponderGrant={[Function]}
        onResponderMove={[Function]}
        onResponderRelease={[Function]}
        onResponderTerminate={[Function]}
        onResponderTerminationRequest={[Function]}
        onStartShouldSetResponder={[Function]}
        style={null}
      >
        <View
          style={
            Object {
              "backgroundColor": "#FFFFFF",
              "borderBottomColor": "#BDBDBD",
              "borderBottomWidth": 0.5,
              "borderTopColor": "#BDBDBD",
              "borderTopWidth": 0.5,
              "flexDirection": "row",
              "justifyContent": "space-between",
              "paddingHorizontal": 10,
              "paddingVertical": 15,
              "width": 750,
            }
          }
        >
          <Text
            style={
              Object {
                "fontWeight": "400",
                "letterSpacing": 2,
              }
            }
          >
            Reducing the risk of injury while drinking
          </Text>
          <Text
            allowFontScaling={false}
            style={
              Array [
                Object {
                  "color": "#BDBDBD",
                  "fontSize": 20,
                },
                undefined,
                Object {
                  "fontFamily": "Ionicons",
                  "fontStyle": "normal",
                  "fontWeight": "normal",
                },
                Object {},
              ]
            }
          >
            
          </Text>
        </View>
      </View>
      <View
        pointerEvents="none"
        style={
          Object {
            "height": 0,
            "overflow": "hidden",
          }
        }
      >
        <View
          onLayout={[Function]}
          style={Object {}}
        >
          <View
            style={
              Object {
                "backgroundColor": "#FFFFFF",
                "padding": 20,
              }
            }
          >
            <Text>
              You should drink no more than 4 standard drinks on any one occasion. The more alcohol you drink in a single session, the greater the risk of you being injured. Drinking 4 standard drinks more than doubles your risk of injury in the following 6 hours. For every drink you have after that, you put yourself in more danger. Generally, women will become more intoxicated on less alcohol than men. However, men often behave more dangerously when drinking. Every drinking session you have adds up over your life (see guideline 1).
            </Text>
          </View>
        </View>
      </View>
    </View>
    <View
      style={Object {}}
    >
      <View
        accessible={true}
        isTVSelectable={true}
        onResponderGrant={[Function]}
        onResponderMove={[Function]}
        onResponderRelease={[Function]}
        onResponderTerminate={[Function]}
        onResponderTerminationRequest={[Function]}
        onStartShouldSetResponder={[Function]}
        style={null}
      >
        <View
          style={
            Object {
              "backgroundColor": "#FFFFFF",
              "borderBottomColor": "#BDBDBD",
              "borderBottomWidth": 0.5,
              "borderTopColor": "#BDBDBD",
              "borderTopWidth": 0.5,
              "flexDirection": "row",
              "justifyContent": "space-between",
              "paddingHorizontal": 10,
              "paddingVertical": 15,
              "width": 750,
            }
          }
        >
          <Text
            style={
              Object {
                "fontWeight": "400",
                "letterSpacing": 2,
              }
            }
          >
            Young people under age
          </Text>
          <Text
            allowFontScaling={false}
            style={
              Array [
                Object {
                  "color": "#BDBDBD",
                  "fontSize": 20,
                },
                undefined,
                Object {
                  "fontFamily": "Ionicons",
                  "fontStyle": "normal",
                  "fontWeight": "normal",
                },
                Object {},
              ]
            }
          >
            
          </Text>
        </View>
      </View>
      <View
        pointerEvents="none"
        style={
          Object {
            "height": 0,
            "overflow": "hidden",
          }
        }
      >
        <View
          onLayout={[Function]}
          style={Object {}}
        >
          <View
            style={
              Object {
                "backgroundColor": "#FFFFFF",
                "padding": 20,
              }
            }
          >
            <Text>
              For young people under 18 years of age (or 21 in some countries), abstaining from alcohol is the safest option. This is because young people are more likely to behave dangerously while drinking, they often drink more and take more risks. Young people’s brains are still developing during their teenage years. Drinking alcohol may impact its development and lead to health issues later in life. The earlier a young person is introduced to alcohol, the more likely they are to develop these complications. Young people are also more likely to develop alcohol dependence later in life if they’re introduced to alcohol too early. Young people should therefore delay their first drink for as long as possible.
            </Text>
          </View>
        </View>
      </View>
    </View>
    <View
      style={Object {}}
    >
      <View
        accessible={true}
        isTVSelectable={true}
        onResponderGrant={[Function]}
        onResponderMove={[Function]}
        onResponderRelease={[Function]}
        onResponderTerminate={[Function]}
        onResponderTerminationRequest={[Function]}
        onStartShouldSetResponder={[Function]}
        style={null}
      >
        <View
          style={
            Object {
              "backgroundColor": "#FFFFFF",
              "borderBottomColor": "#BDBDBD",
              "borderBottomWidth": 0.5,
              "borderTopColor": "#BDBDBD",
              "borderTopWidth": 0.5,
              "flexDirection": "row",
              "justifyContent": "space-between",
              "paddingHorizontal": 10,
              "paddingVertical": 15,
              "width": 750,
            }
          }
        >
          <Text
            style={
              Object {
                "fontWeight": "400",
                "letterSpacing": 2,
              }
            }
          >
            Pregnancy and breastfeeding
          </Text>
          <Text
            allowFontScaling={false}
            style={
              Array [
                Object {
                  "color": "#BDBDBD",
                  "fontSize": 20,
                },
                undefined,
                Object {
                  "fontFamily": "Ionicons",
                  "fontStyle": "normal",
                  "fontWeight": "normal",
                },
                Object {},
              ]
            }
          >
            
          </Text>
        </View>
      </View>
      <View
        pointerEvents="none"
        style={
          Object {
            "height": 0,
            "overflow": "hidden",
          }
        }
      >
        <View
          onLayout={[Function]}
          style={Object {}}
        >
          <View
            style={
              Object {
                "backgroundColor": "#FFFFFF",
                "padding": 20,
              }
            }
          >
            <Text>
              If you are pregnant, are planning a pregnancy, or are breastfeeding, avoiding alcohol is the safest option. Drinking while pregnant can cause bleeding, miscarriage, premature birth or stillbirth. Alcohol can travel through the placenta to the unborn baby. As a result, drinking while pregnant can cause a range of physical, mental, behavioural and learning disabilities for the baby. Read more about Fetal Alcohol Spectrum Disorder (FASD). Drinking alcohol can also pass into breast milk and reduce its availability. This can impact a baby’s feeding and sleeping patterns and its development. Read more about pregnancy, breast feeding and alcohol
            </Text>
          </View>
        </View>
      </View>
    </View>
    <View
      style={Object {}}
    >
      <View
        accessible={true}
        isTVSelectable={true}
        onResponderGrant={[Function]}
        onResponderMove={[Function]}
        onResponderRelease={[Function]}
        onResponderTerminate={[Function]}
        onResponderTerminationRequest={[Function]}
        onStartShouldSetResponder={[Function]}
        style={null}
      >
        <View
          style={
            Object {
              "backgroundColor": "#FFFFFF",
              "borderBottomColor": "#BDBDBD",
              "borderBottomWidth": 0.5,
              "borderTopColor": "#BDBDBD",
              "borderTopWidth": 0.5,
              "flexDirection": "row",
              "justifyContent": "space-between",
              "paddingHorizontal": 10,
              "paddingVertical": 15,
              "width": 750,
            }
          }
        >
          <Text
            style={
              Object {
                "fontWeight": "400",
                "letterSpacing": 2,
              }
            }
          >
            Other factors to consider
          </Text>
          <Text
            allowFontScaling={false}
            style={
              Array [
                Object {
                  "color": "#BDBDBD",
                  "fontSize": 20,
                },
                undefined,
                Object {
                  "fontFamily": "Ionicons",
                  "fontStyle": "normal",
                  "fontWeight": "normal",
                },
                Object {},
              ]
            }
          >
            
          </Text>
        </View>
      </View>
      <View
        pointerEvents="none"
        style={
          Object {
            "height": 0,
            "overflow": "hidden",
          }
        }
      >
        <View
          onLayout={[Function]}
          style={Object {}}
        >
          <View
            style={
              Object {
                "backgroundColor": "#FFFFFF",
                "padding": 20,
              }
            }
          >
            <Text>
              Not drinking is the safest option if you are: Involved in, or supervising, risky activities including driving, operating machinery or water sports. Supervising young people. You should get advice from your doctor about drinking if: You are taking any medicines, including prescription or over-the-counter medicines. You have an alcohol-related or other physical condition, that can be affected by alcohol. You have mental health issues. You may have an increased risk of harm if you: Are under 18 years of age. Are over 60 years of age. Have a family history of alcohol dependence. Use illegal drugs
            </Text>
          </View>
        </View>
      </View>
    </View>
  </View>
</View>
`;
